2025/08/06 23:27:42 main.go:83: 启动折言语言服务器...
2025/08/06 23:27:42 main.go:84: 版本: 0.0.1, 构建时间: unknown
2025/08/06 23:27:42 main.go:85: 命令行参数: stdio=true, port=0, verbose=true, logFile=test.log
2025/08/06 23:27:42 language_server.go:37: 语言服务器实例已创建
2025/08/06 23:27:42 server.go:28: LSP服务器实例已创建
2025/08/06 23:27:42 main.go:105: 在标准输入输出模式下启动服务器
2025/08/06 23:27:42 server.go:37: LSP服务器正在启动（标准输入输出模式）...
2025/08/06 23:27:42 handler.go:25: LSP消息处理器已创建
